2026-04-14 22:45:00.863 | INFO     | app.main:_lifespan:85 - DeepDoc RAG Service starting...
2026-04-14 22:45:00.864 | INFO     | app.main:_lifespan:86 - Version: 0.1.0
2026-04-14 22:45:00.865 | INFO     | app.main:_lifespan:87 - Debug mode: False
2026-04-14 22:45:00.877 | INFO     | app.core.database:init_db:116 - Database initialized: data\deepdoc.db
2026-04-14 22:45:14.838 | INFO     | app.api.documents:parse_document:109 - File saved: uploads\doc_9c848549.pdf, size=1609729 bytes
2026-04-14 22:45:14.839 | INFO     | app.parsing.pdf_parser:parse:68 - Parsing PDF: uploads\doc_9c848549.pdf
2026-04-14 22:45:15.554 | INFO     | app.parsing.pdf_parser:parse:91 - Parsed PDF: doc_9c848549, pages=31, sections=83, paragraphs=1410
2026-04-14 22:45:15.904 | INFO     | app.api.documents:parse_document:176 - Document parsed: doc_9c848549
2026-04-14 22:45:25.473 | INFO     | app.indexing.builder:build:80 - Building index with strategy: IndexStrategy.HIERARCHICAL
2026-04-14 22:45:25.497 | INFO     | app.indexing.builder:build:89 - Deleted 1410 old chunks
2026-04-14 22:45:25.502 | INFO     | app.indexing.chunker:chunk:95 - Hierarchical chunking: 703 chunks, sections=83, paragraphs=620
2026-04-14 22:45:25.502 | INFO     | app.services.embedding:_load_model:41 - Using remote embedding model: embedding-3
2026-04-14 22:46:57.849 | INFO     | app.indexing.builder:_embed_and_save:188 - Saved 703 chunks with embeddings
2026-04-14 22:46:57.866 | ERROR    | app.api.documents:build_index:205 - Failed to build index
Traceback (most recent call last):

  File "<string>", line 1, in <module>
  File "C:\Users\GHOST\AppData\Local\Programs\Python\Python311\Lib\multiprocessing\spawn.py", line 120, in spawn_main
    exitcode = _main(fd, parent_sentinel)
               │     │   └ 328
               │     └ 3
               └ <function _main at 0x000001C47C36F420>
  File "C:\Users\GHOST\AppData\Local\Programs\Python\Python311\Lib\multiprocessing\spawn.py", line 133, in _main
    return self._bootstrap(parent_sentinel)
           │    │          └ 328
           │    └ <function BaseProcess._bootstrap at 0x000001C47C0EBEC0>
           └ <SpawnProcess name='SpawnProcess-1' parent=29536 started>
  File "C:\Users\GHOST\AppData\Local\Programs\Python\Python311\Lib\multiprocessing\process.py", line 314, in _bootstrap
    self.run()
    │    └ <function BaseProcess.run at 0x000001C47C0EB420>
    └ <SpawnProcess name='SpawnProcess-1' parent=29536 started>
  File "C:\Users\GHOST\AppData\Local\Programs\Python\Python311\Lib\multiprocessing\process.py", line 108, in run
    self._target(*self._args, **self._kwargs)
    │    │        │    │        │    └ {'config': <uvicorn.config.Config object at 0x000001C42A0E8550>, 'target': <bound method Server.run of <uvicorn.server.Server...
    │    │        │    │        └ <SpawnProcess name='SpawnProcess-1' parent=29536 started>
    │    │        │    └ ()
    │    │        └ <SpawnProcess name='SpawnProcess-1' parent=29536 started>
    │    └ <function subprocess_started at 0x000001C47E7A4E00>
    └ <SpawnProcess name='SpawnProcess-1' parent=29536 started>
  File "D:\Project\DeepDoc\rag-service\.venv\Lib\site-packages\uvicorn\_subprocess.py", line 80, in subprocess_started
    target(sockets=sockets)
    │              └ [<socket.socket fd=980, family=2, type=1, proto=6, laddr=('0.0.0.0', 8000)>]
    └ <bound method Server.run of <uvicorn.server.Server object at 0x000001C42A0E9950>>
  File "D:\Project\DeepDoc\rag-service\.venv\Lib\site-packages\uvicorn\server.py", line 75, in run
    return asyncio_run(self.serve(sockets=sockets), loop_factory=self.config.get_loop_factory())
           │           │    │             │                      │    │      └ <function Config.get_loop_factory at 0x000001C47E738FE0>
           │           │    │             │                      │    └ <uvicorn.config.Config object at 0x000001C42A0E8550>
           │           │    │             │                      └ <uvicorn.server.Server object at 0x000001C42A0E9950>
           │           │    │             └ [<socket.socket fd=980, family=2, type=1, proto=6, laddr=('0.0.0.0', 8000)>]
           │           │    └ <function Server.serve at 0x000001C47E793A60>
           │           └ <uvicorn.server.Server object at 0x000001C42A0E9950>
           └ <function asyncio_run at 0x000001C47E701F80>
  File "D:\Project\DeepDoc\rag-service\.venv\Lib\site-packages\uvicorn\_compat.py", line 30, in asyncio_run
    return runner.run(main)
           │      │   └ <coroutine object Server.serve at 0x000001C47C2D17B0>
           │      └ <function Runner.run at 0x000001C47E005440>
           └ <asyncio.runners.Runner object at 0x000001C42A0CA290>
  File "C:\Users\GHOST\AppData\Local\Programs\Python\Python311\Lib\asyncio\runners.py", line 118, in run
    return self._loop.run_until_complete(task)
           │    │     │                  └ <Task pending name='Task-1' coro=<Server.serve() running at D:\Project\DeepDoc\rag-service\.venv\Lib\site-packages\uvicorn\se...
           │    │     └ <function BaseEventLoop.run_until_complete at 0x000001C47DFF2F20>
           │    └ <_WindowsSelectorEventLoop running=True closed=False debug=False>
           └ <asyncio.runners.Runner object at 0x000001C42A0CA290>
  File "C:\Users\GHOST\AppData\Local\Programs\Python\Python311\Lib\asyncio\base_events.py", line 640, in run_until_complete
    self.run_forever()
    │    └ <function BaseEventLoop.run_forever at 0x000001C47DFF2E80>
    └ <_WindowsSelectorEventLoop running=True closed=False debug=False>
  File "C:\Users\GHOST\AppData\Local\Programs\Python\Python311\Lib\asyncio\base_events.py", line 607, in run_forever
    self._run_once()
    │    └ <function BaseEventLoop._run_once at 0x000001C47E004CC0>
    └ <_WindowsSelectorEventLoop running=True closed=False debug=False>
  File "C:\Users\GHOST\AppData\Local\Programs\Python\Python311\Lib\asyncio\base_events.py", line 1922, in _run_once
    handle._run()
    │      └ <function Handle._run at 0x000001C47C7ACE00>
    └ <Handle Task.task_wakeup(<Future finis...01C47BEE58E0>>)>
  File "C:\Users\GHOST\AppData\Local\Programs\Python\Python311\Lib\asyncio\events.py", line 80, in _run
    self._context.run(self._callback, *self._args)
    │    │            │    │           │    └ <member '_args' of 'Handle' objects>
    │    │            │    │           └ <Handle Task.task_wakeup(<Future finis...01C47BEE58E0>>)>
    │    │            │    └ <member '_callback' of 'Handle' objects>
    │    │            └ <Handle Task.task_wakeup(<Future finis...01C47BEE58E0>>)>
    │    └ <member '_context' of 'Handle' objects>
    └ <Handle Task.task_wakeup(<Future finis...01C47BEE58E0>>)>
  File "D:\Project\DeepDoc\rag-service\.venv\Lib\site-packages\uvicorn\protocols\http\httptools_impl.py", line 420, in run_asgi
    result = await app(  # type: ignore[func-returns-value]
                   └ <uvicorn.middleware.proxy_headers.ProxyHeadersMiddleware object at 0x000001C427B772D0>
  File "D:\Project\DeepDoc\rag-service\.venv\Lib\site-packages\uvicorn\middleware\proxy_headers.py", line 60, in __call__
    return await self.app(scope, receive, send)
                 │    │   │      │        └ <bound method RequestResponseCycle.send of <uvicorn.protocols.http.httptools_impl.RequestResponseCycle object at 0x000001C427...
                 │    │   │      └ <bound method RequestResponseCycle.receive of <uvicorn.protocols.http.httptools_impl.RequestResponseCycle object at 0x000001C...
                 │    │   └ {'type': 'http', 'asgi': {'version': '3.0', 'spec_version': '2.3'}, 'http_version': '1.1', 'server': ('127.0.0.1', 8000), 'cl...
                 │    └ <fastapi.applications.FastAPI object at 0x000001C47FA5D750>
                 └ <uvicorn.middleware.proxy_headers.ProxyHeadersMiddleware object at 0x000001C427B772D0>
  File "D:\Project\DeepDoc\rag-service\.venv\Lib\site-packages\fastapi\applications.py", line 1163, in __call__
    await super().__call__(scope, receive, send)
                           │      │        └ <bound method RequestResponseCycle.send of <uvicorn.protocols.http.httptools_impl.RequestResponseCycle object at 0x000001C427...
                           │      └ <bound method RequestResponseCycle.receive of <uvicorn.protocols.http.httptools_impl.RequestResponseCycle object at 0x000001C...
                           └ {'type': 'http', 'asgi': {'version': '3.0', 'spec_version': '2.3'}, 'http_version': '1.1', 'server': ('127.0.0.1', 8000), 'cl...
  File "D:\Project\DeepDoc\rag-service\.venv\Lib\site-packages\starlette\applications.py", line 90, in __call__
    await self.middleware_stack(scope, receive, send)
          │    │                │      │        └ <bound method RequestResponseCycle.send of <uvicorn.protocols.http.httptools_impl.RequestResponseCycle object at 0x000001C427...
          │    │                │      └ <bound method RequestResponseCycle.receive of <uvicorn.protocols.http.httptools_impl.RequestResponseCycle object at 0x000001C...
          │    │                └ {'type': 'http', 'asgi': {'version': '3.0', 'spec_version': '2.3'}, 'http_version': '1.1', 'server': ('127.0.0.1', 8000), 'cl...
          │    └ <starlette.middleware.errors.ServerErrorMiddleware object at 0x000001C42A195350>
          └ <fastapi.applications.FastAPI object at 0x000001C47FA5D750>
  File "D:\Project\DeepDoc\rag-service\.venv\Lib\site-packages\starlette\middleware\errors.py", line 164, in __call__
    await self.app(scope, receive, _send)
          │    │   │      │        └ <function ServerErrorMiddleware.__call__.<locals>._send at 0x000001C42A2798A0>
          │    │   │      └ <bound method RequestResponseCycle.receive of <uvicorn.protocols.http.httptools_impl.RequestResponseCycle object at 0x000001C...
          │    │   └ {'type': 'http', 'asgi': {'version': '3.0', 'spec_version': '2.3'}, 'http_version': '1.1', 'server': ('127.0.0.1', 8000), 'cl...
          │    └ <starlette.middleware.cors.CORSMiddleware object at 0x000001C42A195290>
          └ <starlette.middleware.errors.ServerErrorMiddleware object at 0x000001C42A195350>
  File "D:\Project\DeepDoc\rag-service\.venv\Lib\site-packages\starlette\middleware\cors.py", line 96, in __call__
    await self.simple_response(scope, receive, send, request_headers=headers)
          │    │               │      │        │                     └ Headers({'host': 'localhost:8000', 'connection': 'keep-alive', 'content-length': '66', 'sec-ch-ua-platform': '"Windows"', 'us...
          │    │               │      │        └ <function ServerErrorMiddleware.__call__.<locals>._send at 0x000001C42A2798A0>
          │    │               │      └ <bound method RequestResponseCycle.receive of <uvicorn.protocols.http.httptools_impl.RequestResponseCycle object at 0x000001C...
          │    │               └ {'type': 'http', 'asgi': {'version': '3.0', 'spec_version': '2.3'}, 'http_version': '1.1', 'server': ('127.0.0.1', 8000), 'cl...
          │    └ <function CORSMiddleware.simple_response at 0x000001C47F861F80>
          └ <starlette.middleware.cors.CORSMiddleware object at 0x000001C42A195290>
  File "D:\Project\DeepDoc\rag-service\.venv\Lib\site-packages\starlette\middleware\cors.py", line 154, in simple_response
    await self.app(scope, receive, send)
          │    │   │      │        └ functools.partial(<bound method CORSMiddleware.send of <starlette.middleware.cors.CORSMiddleware object at 0x000001C42A195290...
          │    │   │      └ <bound method RequestResponseCycle.receive of <uvicorn.protocols.http.httptools_impl.RequestResponseCycle object at 0x000001C...
          │    │   └ {'type': 'http', 'asgi': {'version': '3.0', 'spec_version': '2.3'}, 'http_version': '1.1', 'server': ('127.0.0.1', 8000), 'cl...
          │    └ <starlette.middleware.exceptions.ExceptionMiddleware object at 0x000001C42A195210>
          └ <starlette.middleware.cors.CORSMiddleware object at 0x000001C42A195290>
  File "D:\Project\DeepDoc\rag-service\.venv\Lib\site-packages\starlette\middleware\exceptions.py", line 63, in __call__
    await wrap_app_handling_exceptions(self.app, conn)(scope, receive, send)
          │                            │    │    │     │      │        └ functools.partial(<bound method CORSMiddleware.send of <starlette.middleware.cors.CORSMiddleware object at 0x000001C42A195290...
          │                            │    │    │     │      └ <bound method RequestResponseCycle.receive of <uvicorn.protocols.http.httptools_impl.RequestResponseCycle object at 0x000001C...
          │                            │    │    │     └ {'type': 'http', 'asgi': {'version': '3.0', 'spec_version': '2.3'}, 'http_version': '1.1', 'server': ('127.0.0.1', 8000), 'cl...
          │                            │    │    └ <starlette.requests.Request object at 0x000001C42A0FD950>
          │                            │    └ <fastapi.middleware.asyncexitstack.AsyncExitStackMiddleware object at 0x000001C42A1951D0>
          │                            └ <starlette.middleware.exceptions.ExceptionMiddleware object at 0x000001C42A195210>
          └ <function wrap_app_handling_exceptions at 0x000001C47F77BF60>
  File "D:\Project\DeepDoc\rag-service\.venv\Lib\site-packages\starlette\_exception_handler.py", line 42, in wrapped_app
    await app(scope, receive, sender)
          │   │      │        └ <function wrap_app_handling_exceptions.<locals>.wrapped_app.<locals>.sender at 0x000001C42A1C18A0>
          │   │      └ <bound method RequestResponseCycle.receive of <uvicorn.protocols.http.httptools_impl.RequestResponseCycle object at 0x000001C...
          │   └ {'type': 'http', 'asgi': {'version': '3.0', 'spec_version': '2.3'}, 'http_version': '1.1', 'server': ('127.0.0.1', 8000), 'cl...
          └ <fastapi.middleware.asyncexitstack.AsyncExitStackMiddleware object at 0x000001C42A1951D0>
  File "D:\Project\DeepDoc\rag-service\.venv\Lib\site-packages\fastapi\middleware\asyncexitstack.py", line 18, in __call__
    await self.app(scope, receive, send)
          │    │   │      │        └ <function wrap_app_handling_exceptions.<locals>.wrapped_app.<locals>.sender at 0x000001C42A1C18A0>
          │    │   │      └ <bound method RequestResponseCycle.receive of <uvicorn.protocols.http.httptools_impl.RequestResponseCycle object at 0x000001C...
          │    │   └ {'type': 'http', 'asgi': {'version': '3.0', 'spec_version': '2.3'}, 'http_version': '1.1', 'server': ('127.0.0.1', 8000), 'cl...
          │    └ <fastapi.routing.APIRouter object at 0x000001C47E658890>
          └ <fastapi.middleware.asyncexitstack.AsyncExitStackMiddleware object at 0x000001C42A1951D0>
  File "D:\Project\DeepDoc\rag-service\.venv\Lib\site-packages\starlette\routing.py", line 660, in __call__
    await self.middleware_stack(scope, receive, send)
          │    │                │      │        └ <function wrap_app_handling_exceptions.<locals>.wrapped_app.<locals>.sender at 0x000001C42A1C18A0>
          │    │                │      └ <bound method RequestResponseCycle.receive of <uvicorn.protocols.http.httptools_impl.RequestResponseCycle object at 0x000001C...
          │    │                └ {'type': 'http', 'asgi': {'version': '3.0', 'spec_version': '2.3'}, 'http_version': '1.1', 'server': ('127.0.0.1', 8000), 'cl...
          │    └ <bound method Router.app of <fastapi.routing.APIRouter object at 0x000001C47E658890>>
          └ <fastapi.routing.APIRouter object at 0x000001C47E658890>
  File "D:\Project\DeepDoc\rag-service\.venv\Lib\site-packages\starlette\routing.py", line 680, in app
    await route.handle(scope, receive, send)
          │     │      │      │        └ <function wrap_app_handling_exceptions.<locals>.wrapped_app.<locals>.sender at 0x000001C42A1C18A0>
          │     │      │      └ <bound method RequestResponseCycle.receive of <uvicorn.protocols.http.httptools_impl.RequestResponseCycle object at 0x000001C...
          │     │      └ {'type': 'http', 'asgi': {'version': '3.0', 'spec_version': '2.3'}, 'http_version': '1.1', 'server': ('127.0.0.1', 8000), 'cl...
          │     └ <function Route.handle at 0x000001C47F7AD620>
          └ APIRoute(path='/api/documents/{doc_id}/index', name='build_index', methods=['POST'])
  File "D:\Project\DeepDoc\rag-service\.venv\Lib\site-packages\starlette\routing.py", line 276, in handle
    await self.app(scope, receive, send)
          │    │   │      │        └ <function wrap_app_handling_exceptions.<locals>.wrapped_app.<locals>.sender at 0x000001C42A1C18A0>
          │    │   │      └ <bound method RequestResponseCycle.receive of <uvicorn.protocols.http.httptools_impl.RequestResponseCycle object at 0x000001C...
          │    │   └ {'type': 'http', 'asgi': {'version': '3.0', 'spec_version': '2.3'}, 'http_version': '1.1', 'server': ('127.0.0.1', 8000), 'cl...
          │    └ <function request_response.<locals>.app at 0x000001C42A05ADE0>
          └ APIRoute(path='/api/documents/{doc_id}/index', name='build_index', methods=['POST'])
  File "D:\Project\DeepDoc\rag-service\.venv\Lib\site-packages\fastapi\routing.py", line 134, in app
    await wrap_app_handling_exceptions(app, request)(scope, receive, send)
          │                            │    │        │      │        └ <function wrap_app_handling_exceptions.<locals>.wrapped_app.<locals>.sender at 0x000001C42A1C18A0>
          │                            │    │        │      └ <bound method RequestResponseCycle.receive of <uvicorn.protocols.http.httptools_impl.RequestResponseCycle object at 0x000001C...
          │                            │    │        └ {'type': 'http', 'asgi': {'version': '3.0', 'spec_version': '2.3'}, 'http_version': '1.1', 'server': ('127.0.0.1', 8000), 'cl...
          │                            │    └ <starlette.requests.Request object at 0x000001C42A3112D0>
          │                            └ <function request_response.<locals>.app.<locals>.app at 0x000001C42A1C16C0>
          └ <function wrap_app_handling_exceptions at 0x000001C47F77BF60>
  File "D:\Project\DeepDoc\rag-service\.venv\Lib\site-packages\starlette\_exception_handler.py", line 42, in wrapped_app
    await app(scope, receive, sender)
          │   │      │        └ <function wrap_app_handling_exceptions.<locals>.wrapped_app.<locals>.sender at 0x000001C42A1C3A60>
          │   │      └ <bound method RequestResponseCycle.receive of <uvicorn.protocols.http.httptools_impl.RequestResponseCycle object at 0x000001C...
          │   └ {'type': 'http', 'asgi': {'version': '3.0', 'spec_version': '2.3'}, 'http_version': '1.1', 'server': ('127.0.0.1', 8000), 'cl...
          └ <function request_response.<locals>.app.<locals>.app at 0x000001C42A1C16C0>
  File "D:\Project\DeepDoc\rag-service\.venv\Lib\site-packages\fastapi\routing.py", line 120, in app
    response = await f(request)
                     │ └ <starlette.requests.Request object at 0x000001C42A3112D0>
                     └ <function get_request_handler.<locals>.app at 0x000001C40027E480>
  File "D:\Project\DeepDoc\rag-service\.venv\Lib\site-packages\fastapi\routing.py", line 674, in app
    raw_response = await run_endpoint_function(
                         └ <function run_endpoint_function at 0x000001C47F7AF6A0>
  File "D:\Project\DeepDoc\rag-service\.venv\Lib\site-packages\fastapi\routing.py", line 328, in run_endpoint_function
    return await dependant.call(**values)
                 │         │      └ {'doc_id': 'doc_9c848549', 'request': IndexRequest(doc_id='string', strategies=[<IndexStrategy.HIERARCHICAL: 'hierarchical'>])}
                 │         └ <function build_index at 0x000001C40027E2A0>
                 └ Dependant(path_params=[ModelField(field_info=Path(PydanticUndefined), name='doc_id', mode='validation', config=None)], query_...

> File "D:\Project\DeepDoc\rag-service\app\api\documents.py", line 198, in build_index
    response = await builder.build(doc_id, request)
                     │       │     │       └ IndexRequest(doc_id='string', strategies=[<IndexStrategy.HIERARCHICAL: 'hierarchical'>])
                     │       │     └ 'doc_9c848549'
                     │       └ <function IndexBuilder.build at 0x000001C42A284540>
                     └ <app.indexing.builder.IndexBuilder object at 0x000001C42A312D10>

  File "D:\Project\DeepDoc\rag-service\app\indexing\builder.py", line 120, in build
    await save_index({
          └ <function save_index at 0x000001C47F9DE2A0>

  File "D:\Project\DeepDoc\rag-service\app\core\database.py", line 291, in save_index
    await db.execute("""
          │  └ <function Connection.execute at 0x000001C47F95B2E0>
          └ <aiosqlite.core.Connection object at 0x000001C42A0C9750>

  File "D:\Project\DeepDoc\rag-service\.venv\Lib\site-packages\aiosqlite\core.py", line 223, in execute
    cursor = await self._execute(self._conn.execute, sql, parameters)
                   │    │        │    │              │    └ {'id': 'doc_9c848549_hierarchical', 'doc_id': 'doc_9c848549', 'strategy': 'hierarchical', 'chunk_count': 703, 'status': 'read...
                   │    │        │    │              └ '\n            INSERT OR REPLACE INTO indices (\n                id, doc_id, strategy, chunk_count, status,\n                ...
                   │    │        │    └ <property object at 0x000001C47F9636F0>
                   │    │        └ <aiosqlite.core.Connection object at 0x000001C42A0C9750>
                   │    └ <function Connection._execute at 0x000001C47F95AC00>
                   └ <aiosqlite.core.Connection object at 0x000001C42A0C9750>
  File "D:\Project\DeepDoc\rag-service\.venv\Lib\site-packages\aiosqlite\core.py", line 160, in _execute
    return await future
                 └ <Future finished exception=IntegrityError('NOT NULL constraint failed: indices.collection_name')>
  File "D:\Project\DeepDoc\rag-service\.venv\Lib\site-packages\aiosqlite\core.py", line 63, in _connection_worker_thread
    result = function()
             └ <function Connection.stop.<locals>.close_and_stop at 0x000001C42A5A2A20>

sqlite3.IntegrityError: NOT NULL constraint failed: indices.collection_name
2026-04-14 22:46:57.890 | ERROR    | app.main:app_exception_handler:33 - AppException: INDEX_ERROR - Index building failed
2026-04-14 22:48:47.597 | INFO     | app.main:_lifespan:97 - DeepDoc RAG Service shutting down...
