2026-04-14 22:28:24.230 | INFO     | app.main:_lifespan:85 - DeepDoc RAG Service starting...
2026-04-14 22:28:24.230 | INFO     | app.main:_lifespan:86 - Version: 0.1.0
2026-04-14 22:28:24.231 | INFO     | app.main:_lifespan:87 - Debug mode: False
2026-04-14 22:28:24.239 | INFO     | app.core.database:init_db:116 - Database initialized: data\deepdoc.db
2026-04-14 22:28:35.633 | INFO     | app.indexing.builder:build:80 - Building index with strategy: IndexStrategy.HIERARCHICAL
2026-04-14 22:28:35.638 | INFO     | app.indexing.builder:build:89 - Deleted 0 old chunks
2026-04-14 22:28:35.639 | INFO     | app.indexing.chunker:chunk:95 - Hierarchical chunking: 0 chunks, sections=0, paragraphs=0
2026-04-14 22:28:35.643 | ERROR    | app.api.documents:build_index:205 - Failed to build index
Traceback (most recent call last):

  File "<string>", line 1, in <module>
  File "C:\Users\GHOST\AppData\Local\Programs\Python\Python311\Lib\multiprocessing\spawn.py", line 120, in spawn_main
    exitcode = _main(fd, parent_sentinel)
               │     │   └ 396
               │     └ 3
               └ <function _main at 0x000002605C57F420>
  File "C:\Users\GHOST\AppData\Local\Programs\Python\Python311\Lib\multiprocessing\spawn.py", line 133, in _main
    return self._bootstrap(parent_sentinel)
           │    │          └ 396
           │    └ <function BaseProcess._bootstrap at 0x000002605C2FBEC0>
           └ <SpawnProcess name='SpawnProcess-1' parent=32308 started>
  File "C:\Users\GHOST\AppData\Local\Programs\Python\Python311\Lib\multiprocessing\process.py", line 314, in _bootstrap
    self.run()
    │    └ <function BaseProcess.run at 0x000002605C2FB420>
    └ <SpawnProcess name='SpawnProcess-1' parent=32308 started>
  File "C:\Users\GHOST\AppData\Local\Programs\Python\Python311\Lib\multiprocessing\process.py", line 108, in run
    self._target(*self._args, **self._kwargs)
    │    │        │    │        │    └ {'config': <uvicorn.config.Config object at 0x0000026041322890>, 'target': <bound method Server.run of <uvicorn.server.Server...
    │    │        │    │        └ <SpawnProcess name='SpawnProcess-1' parent=32308 started>
    │    │        │    └ ()
    │    │        └ <SpawnProcess name='SpawnProcess-1' parent=32308 started>
    │    └ <function subprocess_started at 0x000002605E9C4E00>
    └ <SpawnProcess name='SpawnProcess-1' parent=32308 started>
  File "D:\Project\DeepDoc\rag-service\.venv\Lib\site-packages\uvicorn\_subprocess.py", line 80, in subprocess_started
    target(sockets=sockets)
    │              └ [<socket.socket fd=2104, family=2, type=1, proto=6, laddr=('0.0.0.0', 8000)>]
    └ <bound method Server.run of <uvicorn.server.Server object at 0x0000026041323C90>>
  File "D:\Project\DeepDoc\rag-service\.venv\Lib\site-packages\uvicorn\server.py", line 75, in run
    return asyncio_run(self.serve(sockets=sockets), loop_factory=self.config.get_loop_factory())
           │           │    │             │                      │    │      └ <function Config.get_loop_factory at 0x000002605E958FE0>
           │           │    │             │                      │    └ <uvicorn.config.Config object at 0x0000026041322890>
           │           │    │             │                      └ <uvicorn.server.Server object at 0x0000026041323C90>
           │           │    │             └ [<socket.socket fd=2104, family=2, type=1, proto=6, laddr=('0.0.0.0', 8000)>]
           │           │    └ <function Server.serve at 0x000002605E9B3A60>
           │           └ <uvicorn.server.Server object at 0x0000026041323C90>
           └ <function asyncio_run at 0x000002605E921F80>
  File "D:\Project\DeepDoc\rag-service\.venv\Lib\site-packages\uvicorn\_compat.py", line 30, in asyncio_run
    return runner.run(main)
           │      │   └ <coroutine object Server.serve at 0x000002605C4E17B0>
           │      └ <function Runner.run at 0x000002605E275440>
           └ <asyncio.runners.Runner object at 0x000002605E95D3D0>
  File "C:\Users\GHOST\AppData\Local\Programs\Python\Python311\Lib\asyncio\runners.py", line 118, in run
    return self._loop.run_until_complete(task)
           │    │     │                  └ <Task pending name='Task-1' coro=<Server.serve() running at D:\Project\DeepDoc\rag-service\.venv\Lib\site-packages\uvicorn\se...
           │    │     └ <function BaseEventLoop.run_until_complete at 0x000002605E262F20>
           │    └ <_WindowsSelectorEventLoop running=True closed=False debug=False>
           └ <asyncio.runners.Runner object at 0x000002605E95D3D0>
  File "C:\Users\GHOST\AppData\Local\Programs\Python\Python311\Lib\asyncio\base_events.py", line 640, in run_until_complete
    self.run_forever()
    │    └ <function BaseEventLoop.run_forever at 0x000002605E262E80>
    └ <_WindowsSelectorEventLoop running=True closed=False debug=False>
  File "C:\Users\GHOST\AppData\Local\Programs\Python\Python311\Lib\asyncio\base_events.py", line 607, in run_forever
    self._run_once()
    │    └ <function BaseEventLoop._run_once at 0x000002605E274CC0>
    └ <_WindowsSelectorEventLoop running=True closed=False debug=False>
  File "C:\Users\GHOST\AppData\Local\Programs\Python\Python311\Lib\asyncio\base_events.py", line 1922, in _run_once
    handle._run()
    │      └ <function Handle._run at 0x000002605C9BCE00>
    └ <Handle Task.task_wakeup(<Future finis...02605C0C58E0>>)>
  File "C:\Users\GHOST\AppData\Local\Programs\Python\Python311\Lib\asyncio\events.py", line 80, in _run
    self._context.run(self._callback, *self._args)
    │    │            │    │           │    └ <member '_args' of 'Handle' objects>
    │    │            │    │           └ <Handle Task.task_wakeup(<Future finis...02605C0C58E0>>)>
    │    │            │    └ <member '_callback' of 'Handle' objects>
    │    │            └ <Handle Task.task_wakeup(<Future finis...02605C0C58E0>>)>
    │    └ <member '_context' of 'Handle' objects>
    └ <Handle Task.task_wakeup(<Future finis...02605C0C58E0>>)>
  File "D:\Project\DeepDoc\rag-service\.venv\Lib\site-packages\uvicorn\protocols\http\httptools_impl.py", line 420, in run_asgi
    result = await app(  # type: ignore[func-returns-value]
                   └ <uvicorn.middleware.proxy_headers.ProxyHeadersMiddleware object at 0x000002604130C750>
  File "D:\Project\DeepDoc\rag-service\.venv\Lib\site-packages\uvicorn\middleware\proxy_headers.py", line 60, in __call__
    return await self.app(scope, receive, send)
                 │    │   │      │        └ <bound method RequestResponseCycle.send of <uvicorn.protocols.http.httptools_impl.RequestResponseCycle object at 0x0000026041...
                 │    │   │      └ <bound method RequestResponseCycle.receive of <uvicorn.protocols.http.httptools_impl.RequestResponseCycle object at 0x0000026...
                 │    │   └ {'type': 'http', 'asgi': {'version': '3.0', 'spec_version': '2.3'}, 'http_version': '1.1', 'server': ('127.0.0.1', 8000), 'cl...
                 │    └ <fastapi.applications.FastAPI object at 0x000002605E86E790>
                 └ <uvicorn.middleware.proxy_headers.ProxyHeadersMiddleware object at 0x000002604130C750>
  File "D:\Project\DeepDoc\rag-service\.venv\Lib\site-packages\fastapi\applications.py", line 1163, in __call__
    await super().__call__(scope, receive, send)
                           │      │        └ <bound method RequestResponseCycle.send of <uvicorn.protocols.http.httptools_impl.RequestResponseCycle object at 0x0000026041...
                           │      └ <bound method RequestResponseCycle.receive of <uvicorn.protocols.http.httptools_impl.RequestResponseCycle object at 0x0000026...
                           └ {'type': 'http', 'asgi': {'version': '3.0', 'spec_version': '2.3'}, 'http_version': '1.1', 'server': ('127.0.0.1', 8000), 'cl...
  File "D:\Project\DeepDoc\rag-service\.venv\Lib\site-packages\starlette\applications.py", line 90, in __call__
    await self.middleware_stack(scope, receive, send)
          │    │                │      │        └ <bound method RequestResponseCycle.send of <uvicorn.protocols.http.httptools_impl.RequestResponseCycle object at 0x0000026041...
          │    │                │      └ <bound method RequestResponseCycle.receive of <uvicorn.protocols.http.httptools_impl.RequestResponseCycle object at 0x0000026...
          │    │                └ {'type': 'http', 'asgi': {'version': '3.0', 'spec_version': '2.3'}, 'http_version': '1.1', 'server': ('127.0.0.1', 8000), 'cl...
          │    └ <starlette.middleware.errors.ServerErrorMiddleware object at 0x00000260413F9090>
          └ <fastapi.applications.FastAPI object at 0x000002605E86E790>
  File "D:\Project\DeepDoc\rag-service\.venv\Lib\site-packages\starlette\middleware\errors.py", line 164, in __call__
    await self.app(scope, receive, _send)
          │    │   │      │        └ <function ServerErrorMiddleware.__call__.<locals>._send at 0x0000026041401B20>
          │    │   │      └ <bound method RequestResponseCycle.receive of <uvicorn.protocols.http.httptools_impl.RequestResponseCycle object at 0x0000026...
          │    │   └ {'type': 'http', 'asgi': {'version': '3.0', 'spec_version': '2.3'}, 'http_version': '1.1', 'server': ('127.0.0.1', 8000), 'cl...
          │    └ <starlette.middleware.cors.CORSMiddleware object at 0x00000260413F8FD0>
          └ <starlette.middleware.errors.ServerErrorMiddleware object at 0x00000260413F9090>
  File "D:\Project\DeepDoc\rag-service\.venv\Lib\site-packages\starlette\middleware\cors.py", line 96, in __call__
    await self.simple_response(scope, receive, send, request_headers=headers)
          │    │               │      │        │                     └ Headers({'host': 'localhost:8000', 'connection': 'keep-alive', 'content-length': '66', 'sec-ch-ua-platform': '"Windows"', 'us...
          │    │               │      │        └ <function ServerErrorMiddleware.__call__.<locals>._send at 0x0000026041401B20>
          │    │               │      └ <bound method RequestResponseCycle.receive of <uvicorn.protocols.http.httptools_impl.RequestResponseCycle object at 0x0000026...
          │    │               └ {'type': 'http', 'asgi': {'version': '3.0', 'spec_version': '2.3'}, 'http_version': '1.1', 'server': ('127.0.0.1', 8000), 'cl...
          │    └ <function CORSMiddleware.simple_response at 0x000002605FA71F80>
          └ <starlette.middleware.cors.CORSMiddleware object at 0x00000260413F8FD0>
  File "D:\Project\DeepDoc\rag-service\.venv\Lib\site-packages\starlette\middleware\cors.py", line 154, in simple_response
    await self.app(scope, receive, send)
          │    │   │      │        └ functools.partial(<bound method CORSMiddleware.send of <starlette.middleware.cors.CORSMiddleware object at 0x00000260413F8FD0...
          │    │   │      └ <bound method RequestResponseCycle.receive of <uvicorn.protocols.http.httptools_impl.RequestResponseCycle object at 0x0000026...
          │    │   └ {'type': 'http', 'asgi': {'version': '3.0', 'spec_version': '2.3'}, 'http_version': '1.1', 'server': ('127.0.0.1', 8000), 'cl...
          │    └ <starlette.middleware.exceptions.ExceptionMiddleware object at 0x00000260413F8F50>
          └ <starlette.middleware.cors.CORSMiddleware object at 0x00000260413F8FD0>
  File "D:\Project\DeepDoc\rag-service\.venv\Lib\site-packages\starlette\middleware\exceptions.py", line 63, in __call__
    await wrap_app_handling_exceptions(self.app, conn)(scope, receive, send)
          │                            │    │    │     │      │        └ functools.partial(<bound method CORSMiddleware.send of <starlette.middleware.cors.CORSMiddleware object at 0x00000260413F8FD0...
          │                            │    │    │     │      └ <bound method RequestResponseCycle.receive of <uvicorn.protocols.http.httptools_impl.RequestResponseCycle object at 0x0000026...
          │                            │    │    │     └ {'type': 'http', 'asgi': {'version': '3.0', 'spec_version': '2.3'}, 'http_version': '1.1', 'server': ('127.0.0.1', 8000), 'cl...
          │                            │    │    └ <starlette.requests.Request object at 0x00000260414144D0>
          │                            │    └ <fastapi.middleware.asyncexitstack.AsyncExitStackMiddleware object at 0x00000260413F8F10>
          │                            └ <starlette.middleware.exceptions.ExceptionMiddleware object at 0x00000260413F8F50>
          └ <function wrap_app_handling_exceptions at 0x000002605F98BF60>
  File "D:\Project\DeepDoc\rag-service\.venv\Lib\site-packages\starlette\_exception_handler.py", line 42, in wrapped_app
    await app(scope, receive, sender)
          │   │      │        └ <function wrap_app_handling_exceptions.<locals>.wrapped_app.<locals>.sender at 0x0000026041401C60>
          │   │      └ <bound method RequestResponseCycle.receive of <uvicorn.protocols.http.httptools_impl.RequestResponseCycle object at 0x0000026...
          │   └ {'type': 'http', 'asgi': {'version': '3.0', 'spec_version': '2.3'}, 'http_version': '1.1', 'server': ('127.0.0.1', 8000), 'cl...
          └ <fastapi.middleware.asyncexitstack.AsyncExitStackMiddleware object at 0x00000260413F8F10>
  File "D:\Project\DeepDoc\rag-service\.venv\Lib\site-packages\fastapi\middleware\asyncexitstack.py", line 18, in __call__
    await self.app(scope, receive, send)
          │    │   │      │        └ <function wrap_app_handling_exceptions.<locals>.wrapped_app.<locals>.sender at 0x0000026041401C60>
          │    │   │      └ <bound method RequestResponseCycle.receive of <uvicorn.protocols.http.httptools_impl.RequestResponseCycle object at 0x0000026...
          │    │   └ {'type': 'http', 'asgi': {'version': '3.0', 'spec_version': '2.3'}, 'http_version': '1.1', 'server': ('127.0.0.1', 8000), 'cl...
          │    └ <fastapi.routing.APIRouter object at 0x000002605E86FC90>
          └ <fastapi.middleware.asyncexitstack.AsyncExitStackMiddleware object at 0x00000260413F8F10>
  File "D:\Project\DeepDoc\rag-service\.venv\Lib\site-packages\starlette\routing.py", line 660, in __call__
    await self.middleware_stack(scope, receive, send)
          │    │                │      │        └ <function wrap_app_handling_exceptions.<locals>.wrapped_app.<locals>.sender at 0x0000026041401C60>
          │    │                │      └ <bound method RequestResponseCycle.receive of <uvicorn.protocols.http.httptools_impl.RequestResponseCycle object at 0x0000026...
          │    │                └ {'type': 'http', 'asgi': {'version': '3.0', 'spec_version': '2.3'}, 'http_version': '1.1', 'server': ('127.0.0.1', 8000), 'cl...
          │    └ <bound method Router.app of <fastapi.routing.APIRouter object at 0x000002605E86FC90>>
          └ <fastapi.routing.APIRouter object at 0x000002605E86FC90>
  File "D:\Project\DeepDoc\rag-service\.venv\Lib\site-packages\starlette\routing.py", line 680, in app
    await route.handle(scope, receive, send)
          │     │      │      │        └ <function wrap_app_handling_exceptions.<locals>.wrapped_app.<locals>.sender at 0x0000026041401C60>
          │     │      │      └ <bound method RequestResponseCycle.receive of <uvicorn.protocols.http.httptools_impl.RequestResponseCycle object at 0x0000026...
          │     │      └ {'type': 'http', 'asgi': {'version': '3.0', 'spec_version': '2.3'}, 'http_version': '1.1', 'server': ('127.0.0.1', 8000), 'cl...
          │     └ <function Route.handle at 0x000002605F9BD620>
          └ APIRoute(path='/api/documents/{doc_id}/index', name='build_index', methods=['POST'])
  File "D:\Project\DeepDoc\rag-service\.venv\Lib\site-packages\starlette\routing.py", line 276, in handle
    await self.app(scope, receive, send)
          │    │   │      │        └ <function wrap_app_handling_exceptions.<locals>.wrapped_app.<locals>.sender at 0x0000026041401C60>
          │    │   │      └ <bound method RequestResponseCycle.receive of <uvicorn.protocols.http.httptools_impl.RequestResponseCycle object at 0x0000026...
          │    │   └ {'type': 'http', 'asgi': {'version': '3.0', 'spec_version': '2.3'}, 'http_version': '1.1', 'server': ('127.0.0.1', 8000), 'cl...
          │    └ <function request_response.<locals>.app at 0x0000026041302020>
          └ APIRoute(path='/api/documents/{doc_id}/index', name='build_index', methods=['POST'])
  File "D:\Project\DeepDoc\rag-service\.venv\Lib\site-packages\fastapi\routing.py", line 134, in app
    await wrap_app_handling_exceptions(app, request)(scope, receive, send)
          │                            │    │        │      │        └ <function wrap_app_handling_exceptions.<locals>.wrapped_app.<locals>.sender at 0x0000026041401C60>
          │                            │    │        │      └ <bound method RequestResponseCycle.receive of <uvicorn.protocols.http.httptools_impl.RequestResponseCycle object at 0x0000026...
          │                            │    │        └ {'type': 'http', 'asgi': {'version': '3.0', 'spec_version': '2.3'}, 'http_version': '1.1', 'server': ('127.0.0.1', 8000), 'cl...
          │                            │    └ <starlette.requests.Request object at 0x0000026041414650>
          │                            └ <function request_response.<locals>.app.<locals>.app at 0x0000026041401D00>
          └ <function wrap_app_handling_exceptions at 0x000002605F98BF60>
  File "D:\Project\DeepDoc\rag-service\.venv\Lib\site-packages\starlette\_exception_handler.py", line 42, in wrapped_app
    await app(scope, receive, sender)
          │   │      │        └ <function wrap_app_handling_exceptions.<locals>.wrapped_app.<locals>.sender at 0x0000026041401E40>
          │   │      └ <bound method RequestResponseCycle.receive of <uvicorn.protocols.http.httptools_impl.RequestResponseCycle object at 0x0000026...
          │   └ {'type': 'http', 'asgi': {'version': '3.0', 'spec_version': '2.3'}, 'http_version': '1.1', 'server': ('127.0.0.1', 8000), 'cl...
          └ <function request_response.<locals>.app.<locals>.app at 0x0000026041401D00>
  File "D:\Project\DeepDoc\rag-service\.venv\Lib\site-packages\fastapi\routing.py", line 120, in app
    response = await f(request)
                     │ └ <starlette.requests.Request object at 0x0000026041414650>
                     └ <function get_request_handler.<locals>.app at 0x000002606020E480>
  File "D:\Project\DeepDoc\rag-service\.venv\Lib\site-packages\fastapi\routing.py", line 674, in app
    raw_response = await run_endpoint_function(
                         └ <function run_endpoint_function at 0x000002605F9BF6A0>
  File "D:\Project\DeepDoc\rag-service\.venv\Lib\site-packages\fastapi\routing.py", line 328, in run_endpoint_function
    return await dependant.call(**values)
                 │         │      └ {'doc_id': 'doc_5b403885', 'request': IndexRequest(doc_id='string', strategies=[<IndexStrategy.HIERARCHICAL: 'hierarchical'>])}
                 │         └ <function build_index at 0x000002606020E2A0>
                 └ Dependant(path_params=[ModelField(field_info=Path(PydanticUndefined), name='doc_id', mode='validation', config=None)], query_...

> File "D:\Project\DeepDoc\rag-service\app\api\documents.py", line 198, in build_index
    response = await builder.build(doc_id, request)
                     │       │     │       └ IndexRequest(doc_id='string', strategies=[<IndexStrategy.HIERARCHICAL: 'hierarchical'>])
                     │       │     └ 'doc_5b403885'
                     │       └ <function IndexBuilder.build at 0x0000026041402660>
                     └ <app.indexing.builder.IndexBuilder object at 0x000002604130E710>

  File "D:\Project\DeepDoc\rag-service\app\indexing\builder.py", line 120, in build
    await save_index({
          └ <function save_index at 0x000002605FBEE2A0>

  File "D:\Project\DeepDoc\rag-service\app\core\database.py", line 291, in save_index
    await db.execute("""
          │  └ <function Connection.execute at 0x000002605FB672E0>
          └ <aiosqlite.core.Connection object at 0x000002604133FC50>

  File "D:\Project\DeepDoc\rag-service\.venv\Lib\site-packages\aiosqlite\core.py", line 223, in execute
    cursor = await self._execute(self._conn.execute, sql, parameters)
                   │    │        │    │              │    └ {'id': 'doc_5b403885_hierarchical', 'doc_id': 'doc_5b403885', 'strategy': 'hierarchical', 'chunk_count': 0, 'status': 'ready'...
                   │    │        │    │              └ '\n            INSERT OR REPLACE INTO indices (\n                id, doc_id, strategy, chunk_count, status,\n                ...
                   │    │        │    └ <property object at 0x000002605FB737E0>
                   │    │        └ <aiosqlite.core.Connection object at 0x000002604133FC50>
                   │    └ <function Connection._execute at 0x000002605FB66C00>
                   └ <aiosqlite.core.Connection object at 0x000002604133FC50>
  File "D:\Project\DeepDoc\rag-service\.venv\Lib\site-packages\aiosqlite\core.py", line 160, in _execute
    return await future
                 └ <Future finished exception=IntegrityError('NOT NULL constraint failed: indices.collection_name')>
  File "D:\Project\DeepDoc\rag-service\.venv\Lib\site-packages\aiosqlite\core.py", line 63, in _connection_worker_thread
    result = function()
             └ <function Connection.stop.<locals>.close_and_stop at 0x00000260414022A0>

sqlite3.IntegrityError: NOT NULL constraint failed: indices.collection_name
2026-04-14 22:28:35.674 | ERROR    | app.main:app_exception_handler:33 - AppException: INDEX_ERROR - Index building failed
2026-04-14 22:28:51.826 | INFO     | app.api.documents:parse_document:109 - File saved: uploads\doc_ebc024f4.pdf, size=1609729 bytes
2026-04-14 22:28:51.827 | INFO     | app.parsing.pdf_parser:parse:68 - Parsing PDF: uploads\doc_ebc024f4.pdf
2026-04-14 22:28:52.500 | INFO     | app.parsing.pdf_parser:parse:91 - Parsed PDF: doc_ebc024f4, pages=31, sections=83, paragraphs=1410
2026-04-14 22:28:52.852 | INFO     | app.api.documents:parse_document:176 - Document parsed: doc_ebc024f4
2026-04-14 22:29:04.086 | INFO     | app.indexing.builder:build:80 - Building index with strategy: IndexStrategy.HIERARCHICAL
2026-04-14 22:29:04.099 | INFO     | app.indexing.builder:build:89 - Deleted 1410 old chunks
2026-04-14 22:29:04.106 | INFO     | app.indexing.chunker:chunk:95 - Hierarchical chunking: 703 chunks, sections=83, paragraphs=620
2026-04-14 22:29:04.107 | INFO     | app.services.embedding:_load_model:58 - Loading embedding model: BAAI/bge-large-zh-v1.5
