2026-04-14 21:36:45.137 | INFO     | app.main:_lifespan:85 - DeepDoc RAG Service starting...
2026-04-14 21:36:45.138 | INFO     | app.main:_lifespan:86 - Version: 0.1.0
2026-04-14 21:36:45.138 | INFO     | app.main:_lifespan:87 - Debug mode: False
2026-04-14 21:36:45.153 | INFO     | app.core.database:init_db:116 - Database initialized: data\deepdoc.db
2026-04-14 21:54:24.890 | INFO     | app.api.documents:parse_document:109 - File saved: uploads\doc_85fbc3cf.pdf, size=1609729 bytes
2026-04-14 21:54:24.891 | INFO     | app.parsing.pdf_parser:parse:68 - Parsing PDF: uploads\doc_85fbc3cf.pdf
2026-04-14 21:54:25.711 | INFO     | app.parsing.pdf_parser:parse:91 - Parsed PDF: doc_85fbc3cf, pages=31, sections=83, paragraphs=1410
2026-04-14 21:54:25.723 | INFO     | app.api.documents:parse_document:152 - Document parsed: doc_85fbc3cf
2026-04-14 21:55:56.696 | INFO     | app.indexing.builder:build:80 - Building index with strategy: IndexStrategy.HIERARCHICAL
2026-04-14 21:55:56.699 | INFO     | app.indexing.builder:build:89 - Deleted 0 old chunks
2026-04-14 21:55:56.699 | INFO     | app.indexing.chunker:chunk:94 - Hierarchical chunking: 0 chunks, sections=0, paragraphs=0
2026-04-14 21:55:56.699 | ERROR    | app.api.documents:build_index:181 - Failed to build index
Traceback (most recent call last):

  File "<string>", line 1, in <module>
  File "C:\Users\GHOST\AppData\Local\Programs\Python\Python311\Lib\multiprocessing\spawn.py", line 120, in spawn_main
    exitcode = _main(fd, parent_sentinel)
               │     │   └ 376
               │     └ 3
               └ <function _main at 0x000002364F6AF420>
  File "C:\Users\GHOST\AppData\Local\Programs\Python\Python311\Lib\multiprocessing\spawn.py", line 133, in _main
    return self._bootstrap(parent_sentinel)
           │    │          └ 376
           │    └ <function BaseProcess._bootstrap at 0x000002364F42BEC0>
           └ <SpawnProcess name='SpawnProcess-1' parent=22252 started>
  File "C:\Users\GHOST\AppData\Local\Programs\Python\Python311\Lib\multiprocessing\process.py", line 314, in _bootstrap
    self.run()
    │    └ <function BaseProcess.run at 0x000002364F42B420>
    └ <SpawnProcess name='SpawnProcess-1' parent=22252 started>
  File "C:\Users\GHOST\AppData\Local\Programs\Python\Python311\Lib\multiprocessing\process.py", line 108, in run
    self._target(*self._args, **self._kwargs)
    │    │        │    │        │    └ {'config': <uvicorn.config.Config object at 0x0000023634446650>, 'target': <bound method Server.run of <uvicorn.server.Server...
    │    │        │    │        └ <SpawnProcess name='SpawnProcess-1' parent=22252 started>
    │    │        │    └ ()
    │    │        └ <SpawnProcess name='SpawnProcess-1' parent=22252 started>
    │    └ <function subprocess_started at 0x0000023651A94E00>
    └ <SpawnProcess name='SpawnProcess-1' parent=22252 started>
  File "D:\Project\DeepDoc\rag-service\.venv\Lib\site-packages\uvicorn\_subprocess.py", line 80, in subprocess_started
    target(sockets=sockets)
    │              └ [<socket.socket fd=2284, family=2, type=1, proto=6, laddr=('0.0.0.0', 8000)>]
    └ <bound method Server.run of <uvicorn.server.Server object at 0x0000023634447A10>>
  File "D:\Project\DeepDoc\rag-service\.venv\Lib\site-packages\uvicorn\server.py", line 75, in run
    return asyncio_run(self.serve(sockets=sockets), loop_factory=self.config.get_loop_factory())
           │           │    │             │                      │    │      └ <function Config.get_loop_factory at 0x0000023651A28FE0>
           │           │    │             │                      │    └ <uvicorn.config.Config object at 0x0000023634446650>
           │           │    │             │                      └ <uvicorn.server.Server object at 0x0000023634447A10>
           │           │    │             └ [<socket.socket fd=2284, family=2, type=1, proto=6, laddr=('0.0.0.0', 8000)>]
           │           │    └ <function Server.serve at 0x0000023651A83A60>
           │           └ <uvicorn.server.Server object at 0x0000023634447A10>
           └ <function asyncio_run at 0x00000236519F1F80>
  File "D:\Project\DeepDoc\rag-service\.venv\Lib\site-packages\uvicorn\_compat.py", line 30, in asyncio_run
    return runner.run(main)
           │      │   └ <coroutine object Server.serve at 0x000002364F6117B0>
           │      └ <function Runner.run at 0x0000023651305440>
           └ <asyncio.runners.Runner object at 0x000002363443D150>
  File "C:\Users\GHOST\AppData\Local\Programs\Python\Python311\Lib\asyncio\runners.py", line 118, in run
    return self._loop.run_until_complete(task)
           │    │     │                  └ <Task pending name='Task-1' coro=<Server.serve() running at D:\Project\DeepDoc\rag-service\.venv\Lib\site-packages\uvicorn\se...
           │    │     └ <function BaseEventLoop.run_until_complete at 0x00000236512F2F20>
           │    └ <_WindowsSelectorEventLoop running=True closed=False debug=False>
           └ <asyncio.runners.Runner object at 0x000002363443D150>
  File "C:\Users\GHOST\AppData\Local\Programs\Python\Python311\Lib\asyncio\base_events.py", line 640, in run_until_complete
    self.run_forever()
    │    └ <function BaseEventLoop.run_forever at 0x00000236512F2E80>
    └ <_WindowsSelectorEventLoop running=True closed=False debug=False>
  File "C:\Users\GHOST\AppData\Local\Programs\Python\Python311\Lib\asyncio\base_events.py", line 607, in run_forever
    self._run_once()
    │    └ <function BaseEventLoop._run_once at 0x0000023651304CC0>
    └ <_WindowsSelectorEventLoop running=True closed=False debug=False>
  File "C:\Users\GHOST\AppData\Local\Programs\Python\Python311\Lib\asyncio\base_events.py", line 1922, in _run_once
    handle._run()
    │      └ <function Handle._run at 0x000002364FABCE00>
    └ <Handle Task.task_wakeup(<Future finis...02364F2258E0>>)>
  File "C:\Users\GHOST\AppData\Local\Programs\Python\Python311\Lib\asyncio\events.py", line 80, in _run
    self._context.run(self._callback, *self._args)
    │    │            │    │           │    └ <member '_args' of 'Handle' objects>
    │    │            │    │           └ <Handle Task.task_wakeup(<Future finis...02364F2258E0>>)>
    │    │            │    └ <member '_callback' of 'Handle' objects>
    │    │            └ <Handle Task.task_wakeup(<Future finis...02364F2258E0>>)>
    │    └ <member '_context' of 'Handle' objects>
    └ <Handle Task.task_wakeup(<Future finis...02364F2258E0>>)>
  File "D:\Project\DeepDoc\rag-service\.venv\Lib\site-packages\uvicorn\protocols\http\httptools_impl.py", line 420, in run_asgi
    result = await app(  # type: ignore[func-returns-value]
                   └ <uvicorn.middleware.proxy_headers.ProxyHeadersMiddleware object at 0x0000023634422F90>
  File "D:\Project\DeepDoc\rag-service\.venv\Lib\site-packages\uvicorn\middleware\proxy_headers.py", line 60, in __call__
    return await self.app(scope, receive, send)
                 │    │   │      │        └ <bound method RequestResponseCycle.send of <uvicorn.protocols.http.httptools_impl.RequestResponseCycle object at 0x0000023634...
                 │    │   │      └ <bound method RequestResponseCycle.receive of <uvicorn.protocols.http.httptools_impl.RequestResponseCycle object at 0x0000023...
                 │    │   └ {'type': 'http', 'asgi': {'version': '3.0', 'spec_version': '2.3'}, 'http_version': '1.1', 'server': ('127.0.0.1', 8000), 'cl...
                 │    └ <fastapi.applications.FastAPI object at 0x0000023652D4D550>
                 └ <uvicorn.middleware.proxy_headers.ProxyHeadersMiddleware object at 0x0000023634422F90>
  File "D:\Project\DeepDoc\rag-service\.venv\Lib\site-packages\fastapi\applications.py", line 1163, in __call__
    await super().__call__(scope, receive, send)
                           │      │        └ <bound method RequestResponseCycle.send of <uvicorn.protocols.http.httptools_impl.RequestResponseCycle object at 0x0000023634...
                           │      └ <bound method RequestResponseCycle.receive of <uvicorn.protocols.http.httptools_impl.RequestResponseCycle object at 0x0000023...
                           └ {'type': 'http', 'asgi': {'version': '3.0', 'spec_version': '2.3'}, 'http_version': '1.1', 'server': ('127.0.0.1', 8000), 'cl...
  File "D:\Project\DeepDoc\rag-service\.venv\Lib\site-packages\starlette\applications.py", line 90, in __call__
    await self.middleware_stack(scope, receive, send)
          │    │                │      │        └ <bound method RequestResponseCycle.send of <uvicorn.protocols.http.httptools_impl.RequestResponseCycle object at 0x0000023634...
          │    │                │      └ <bound method RequestResponseCycle.receive of <uvicorn.protocols.http.httptools_impl.RequestResponseCycle object at 0x0000023...
          │    │                └ {'type': 'http', 'asgi': {'version': '3.0', 'spec_version': '2.3'}, 'http_version': '1.1', 'server': ('127.0.0.1', 8000), 'cl...
          │    └ <starlette.middleware.errors.ServerErrorMiddleware object at 0x0000023634500F10>
          └ <fastapi.applications.FastAPI object at 0x0000023652D4D550>
  File "D:\Project\DeepDoc\rag-service\.venv\Lib\site-packages\starlette\middleware\errors.py", line 164, in __call__
    await self.app(scope, receive, _send)
          │    │   │      │        └ <function ServerErrorMiddleware.__call__.<locals>._send at 0x0000023634402C00>
          │    │   │      └ <bound method RequestResponseCycle.receive of <uvicorn.protocols.http.httptools_impl.RequestResponseCycle object at 0x0000023...
          │    │   └ {'type': 'http', 'asgi': {'version': '3.0', 'spec_version': '2.3'}, 'http_version': '1.1', 'server': ('127.0.0.1', 8000), 'cl...
          │    └ <starlette.middleware.cors.CORSMiddleware object at 0x0000023634500E50>
          └ <starlette.middleware.errors.ServerErrorMiddleware object at 0x0000023634500F10>
  File "D:\Project\DeepDoc\rag-service\.venv\Lib\site-packages\starlette\middleware\cors.py", line 96, in __call__
    await self.simple_response(scope, receive, send, request_headers=headers)
          │    │               │      │        │                     └ Headers({'host': 'localhost:8000', 'connection': 'keep-alive', 'content-length': '66', 'sec-ch-ua-platform': '"Windows"', 'us...
          │    │               │      │        └ <function ServerErrorMiddleware.__call__.<locals>._send at 0x0000023634402C00>
          │    │               │      └ <bound method RequestResponseCycle.receive of <uvicorn.protocols.http.httptools_impl.RequestResponseCycle object at 0x0000023...
          │    │               └ {'type': 'http', 'asgi': {'version': '3.0', 'spec_version': '2.3'}, 'http_version': '1.1', 'server': ('127.0.0.1', 8000), 'cl...
          │    └ <function CORSMiddleware.simple_response at 0x0000023652B51F80>
          └ <starlette.middleware.cors.CORSMiddleware object at 0x0000023634500E50>
  File "D:\Project\DeepDoc\rag-service\.venv\Lib\site-packages\starlette\middleware\cors.py", line 154, in simple_response
    await self.app(scope, receive, send)
          │    │   │      │        └ functools.partial(<bound method CORSMiddleware.send of <starlette.middleware.cors.CORSMiddleware object at 0x0000023634500E50...
          │    │   │      └ <bound method RequestResponseCycle.receive of <uvicorn.protocols.http.httptools_impl.RequestResponseCycle object at 0x0000023...
          │    │   └ {'type': 'http', 'asgi': {'version': '3.0', 'spec_version': '2.3'}, 'http_version': '1.1', 'server': ('127.0.0.1', 8000), 'cl...
          │    └ <starlette.middleware.exceptions.ExceptionMiddleware object at 0x0000023632972950>
          └ <starlette.middleware.cors.CORSMiddleware object at 0x0000023634500E50>
  File "D:\Project\DeepDoc\rag-service\.venv\Lib\site-packages\starlette\middleware\exceptions.py", line 63, in __call__
    await wrap_app_handling_exceptions(self.app, conn)(scope, receive, send)
          │                            │    │    │     │      │        └ functools.partial(<bound method CORSMiddleware.send of <starlette.middleware.cors.CORSMiddleware object at 0x0000023634500E50...
          │                            │    │    │     │      └ <bound method RequestResponseCycle.receive of <uvicorn.protocols.http.httptools_impl.RequestResponseCycle object at 0x0000023...
          │                            │    │    │     └ {'type': 'http', 'asgi': {'version': '3.0', 'spec_version': '2.3'}, 'http_version': '1.1', 'server': ('127.0.0.1', 8000), 'cl...
          │                            │    │    └ <starlette.requests.Request object at 0x0000023635B20250>
          │                            │    └ <fastapi.middleware.asyncexitstack.AsyncExitStackMiddleware object at 0x0000023634500DD0>
          │                            └ <starlette.middleware.exceptions.ExceptionMiddleware object at 0x0000023632972950>
          └ <function wrap_app_handling_exceptions at 0x0000023652A6BF60>
  File "D:\Project\DeepDoc\rag-service\.venv\Lib\site-packages\starlette\_exception_handler.py", line 42, in wrapped_app
    await app(scope, receive, sender)
          │   │      │        └ <function wrap_app_handling_exceptions.<locals>.wrapped_app.<locals>.sender at 0x00000236344FD940>
          │   │      └ <bound method RequestResponseCycle.receive of <uvicorn.protocols.http.httptools_impl.RequestResponseCycle object at 0x0000023...
          │   └ {'type': 'http', 'asgi': {'version': '3.0', 'spec_version': '2.3'}, 'http_version': '1.1', 'server': ('127.0.0.1', 8000), 'cl...
          └ <fastapi.middleware.asyncexitstack.AsyncExitStackMiddleware object at 0x0000023634500DD0>
  File "D:\Project\DeepDoc\rag-service\.venv\Lib\site-packages\fastapi\middleware\asyncexitstack.py", line 18, in __call__
    await self.app(scope, receive, send)
          │    │   │      │        └ <function wrap_app_handling_exceptions.<locals>.wrapped_app.<locals>.sender at 0x00000236344FD940>
          │    │   │      └ <bound method RequestResponseCycle.receive of <uvicorn.protocols.http.httptools_impl.RequestResponseCycle object at 0x0000023...
          │    │   └ {'type': 'http', 'asgi': {'version': '3.0', 'spec_version': '2.3'}, 'http_version': '1.1', 'server': ('127.0.0.1', 8000), 'cl...
          │    └ <fastapi.routing.APIRouter object at 0x000002365192EA10>
          └ <fastapi.middleware.asyncexitstack.AsyncExitStackMiddleware object at 0x0000023634500DD0>
  File "D:\Project\DeepDoc\rag-service\.venv\Lib\site-packages\starlette\routing.py", line 660, in __call__
    await self.middleware_stack(scope, receive, send)
          │    │                │      │        └ <function wrap_app_handling_exceptions.<locals>.wrapped_app.<locals>.sender at 0x00000236344FD940>
          │    │                │      └ <bound method RequestResponseCycle.receive of <uvicorn.protocols.http.httptools_impl.RequestResponseCycle object at 0x0000023...
          │    │                └ {'type': 'http', 'asgi': {'version': '3.0', 'spec_version': '2.3'}, 'http_version': '1.1', 'server': ('127.0.0.1', 8000), 'cl...
          │    └ <bound method Router.app of <fastapi.routing.APIRouter object at 0x000002365192EA10>>
          └ <fastapi.routing.APIRouter object at 0x000002365192EA10>
  File "D:\Project\DeepDoc\rag-service\.venv\Lib\site-packages\starlette\routing.py", line 680, in app
    await route.handle(scope, receive, send)
          │     │      │      │        └ <function wrap_app_handling_exceptions.<locals>.wrapped_app.<locals>.sender at 0x00000236344FD940>
          │     │      │      └ <bound method RequestResponseCycle.receive of <uvicorn.protocols.http.httptools_impl.RequestResponseCycle object at 0x0000023...
          │     │      └ {'type': 'http', 'asgi': {'version': '3.0', 'spec_version': '2.3'}, 'http_version': '1.1', 'server': ('127.0.0.1', 8000), 'cl...
          │     └ <function Route.handle at 0x0000023652A9D620>
          └ APIRoute(path='/api/documents/{doc_id}/index', name='build_index', methods=['POST'])
  File "D:\Project\DeepDoc\rag-service\.venv\Lib\site-packages\starlette\routing.py", line 276, in handle
    await self.app(scope, receive, send)
          │    │   │      │        └ <function wrap_app_handling_exceptions.<locals>.wrapped_app.<locals>.sender at 0x00000236344FD940>
          │    │   │      └ <bound method RequestResponseCycle.receive of <uvicorn.protocols.http.httptools_impl.RequestResponseCycle object at 0x0000023...
          │    │   └ {'type': 'http', 'asgi': {'version': '3.0', 'spec_version': '2.3'}, 'http_version': '1.1', 'server': ('127.0.0.1', 8000), 'cl...
          │    └ <function request_response.<locals>.app at 0x0000023634401DA0>
          └ APIRoute(path='/api/documents/{doc_id}/index', name='build_index', methods=['POST'])
  File "D:\Project\DeepDoc\rag-service\.venv\Lib\site-packages\fastapi\routing.py", line 134, in app
    await wrap_app_handling_exceptions(app, request)(scope, receive, send)
          │                            │    │        │      │        └ <function wrap_app_handling_exceptions.<locals>.wrapped_app.<locals>.sender at 0x00000236344FD940>
          │                            │    │        │      └ <bound method RequestResponseCycle.receive of <uvicorn.protocols.http.httptools_impl.RequestResponseCycle object at 0x0000023...
          │                            │    │        └ {'type': 'http', 'asgi': {'version': '3.0', 'spec_version': '2.3'}, 'http_version': '1.1', 'server': ('127.0.0.1', 8000), 'cl...
          │                            │    └ <starlette.requests.Request object at 0x0000023635B20590>
          │                            └ <function request_response.<locals>.app.<locals>.app at 0x00000236344FDA80>
          └ <function wrap_app_handling_exceptions at 0x0000023652A6BF60>
  File "D:\Project\DeepDoc\rag-service\.venv\Lib\site-packages\starlette\_exception_handler.py", line 42, in wrapped_app
    await app(scope, receive, sender)
          │   │      │        └ <function wrap_app_handling_exceptions.<locals>.wrapped_app.<locals>.sender at 0x00000236344FDBC0>
          │   │      └ <bound method RequestResponseCycle.receive of <uvicorn.protocols.http.httptools_impl.RequestResponseCycle object at 0x0000023...
          │   └ {'type': 'http', 'asgi': {'version': '3.0', 'spec_version': '2.3'}, 'http_version': '1.1', 'server': ('127.0.0.1', 8000), 'cl...
          └ <function request_response.<locals>.app.<locals>.app at 0x00000236344FDA80>
  File "D:\Project\DeepDoc\rag-service\.venv\Lib\site-packages\fastapi\routing.py", line 120, in app
    response = await f(request)
                     │ └ <starlette.requests.Request object at 0x0000023635B20590>
                     └ <function get_request_handler.<locals>.app at 0x00000236532EE480>
  File "D:\Project\DeepDoc\rag-service\.venv\Lib\site-packages\fastapi\routing.py", line 674, in app
    raw_response = await run_endpoint_function(
                         └ <function run_endpoint_function at 0x0000023652A9F6A0>
  File "D:\Project\DeepDoc\rag-service\.venv\Lib\site-packages\fastapi\routing.py", line 328, in run_endpoint_function
    return await dependant.call(**values)
                 │         │      └ {'doc_id': 'doc_85fbc3cf', 'request': IndexRequest(doc_id='string', strategies=[<IndexStrategy.HIERARCHICAL: 'hierarchical'>])}
                 │         └ <function build_index at 0x00000236532EE2A0>
                 └ Dependant(path_params=[ModelField(field_info=Path(PydanticUndefined), name='doc_id', mode='validation', config=None)], query_...

> File "D:\Project\DeepDoc\rag-service\app\api\documents.py", line 174, in build_index
    response = await builder.build(doc_id, request)
                     │       │     │       └ IndexRequest(doc_id='string', strategies=[<IndexStrategy.HIERARCHICAL: 'hierarchical'>])
                     │       │     └ 'doc_85fbc3cf'
                     │       └ <function IndexBuilder.build at 0x00000236356AD1C0>
                     └ <app.indexing.builder.IndexBuilder object at 0x0000023635B21950>

  File "D:\Project\DeepDoc\rag-service\app\indexing\builder.py", line 102, in build
    sentence_chunks=result.sentence_chunks,
                    └ ChunkResult(chunks=[], chunk_count=0, section_chunks=0, paragraph_chunks=0, summary_chunks=0)

AttributeError: 'ChunkResult' object has no attribute 'sentence_chunks'
2026-04-14 21:55:56.980 | ERROR    | app.main:app_exception_handler:33 - AppException: INDEX_ERROR - Index building failed
2026-04-14 22:06:48.557 | INFO     | app.main:_lifespan:97 - DeepDoc RAG Service shutting down...
